// Jest Snapshot v1, https://goo.gl/fbAQLP

exports[`Details component Details component 1`] = `
<div>
  Loading...
</div>
`;
